yarn run v1.22.22
$ D:\Arkan\projects\TaskManagment.API\node_modules\.bin\tsc --noEmit --pretty false --skipLibCheck false
index.ts(36,9): error TS2769: No overload matches this call.
  The last overload gave the following error.
    Argument of type '(err: unknown, req: express.Request, res: express.Response, next: express.NextFunction) => express.Response<any, Record<string, any>> | undefined' is not assignable to parameter of type 'PathParams'.
routes/taskRoutes.ts(7,18): error TS2769: No overload matches this call.
  The last overload gave the following error.
    Argument of type '(req: Request<ParamsDictionary, any, any, ParsedQs, Record<string, any>>, res: Response<any, Record<string, any>>, next: NextFunction) => Promise<...>' is not assignable to parameter of type 'Application<Record<string, any>>'.
      Type '(req: Request<ParamsDictionary, any, any, ParsedQs, Record<string, any>>, res: Response<any, Record<string, any>>, next: NextFunction) => Promise<...>' is missing the following properties from type 'Application<Record<string, any>>': init, defaultConfiguration, engine, set, and 63 more.
routes/taskRoutes.ts(8,17): error TS2769: No overload matches this call.
  The last overload gave the following error.
    Argument of type '(req: Request<ParamsDictionary, any, any, ParsedQs, Record<string, any>>, res: Response<any, Record<string, any>>, next: NextFunction) => Promise<...>' is not assignable to parameter of type 'Application<Record<string, any>>'.
      Type '(req: Request<ParamsDictionary, any, any, ParsedQs, Record<string, any>>, res: Response<any, Record<string, any>>, next: NextFunction) => Promise<...>' is missing the following properties from type 'Application<Record<string, any>>': init, defaultConfiguration, engine, set, and 63 more.
routes/taskRoutes.ts(9,29): error TS2769: No overload matches this call.
  The last overload gave the following error.
    Argument of type '(req: Request<ParamsDictionary, any, any, ParsedQs, Record<string, any>>, res: Response<any, Record<string, any>>, next: NextFunction) => Promise<...>' is not assignable to parameter of type 'Application<Record<string, any>>'.
      Type '(req: Request<ParamsDictionary, any, any, ParsedQs, Record<string, any>>, res: Response<any, Record<string, any>>, next: NextFunction) => Promise<...>' is missing the following properties from type 'Application<Record<string, any>>': init, defaultConfiguration, engine, set, and 63 more.
routes/userRoutes.ts(6,18): error TS2769: No overload matches this call.
  The last overload gave the following error.
    Argument of type '(req: Request<ParamsDictionary, any, any, ParsedQs, Record<string, any>>, res: Response<any, Record<string, any>>, next: NextFunction) => Promise<...>' is not assignable to parameter of type 'Application<Record<string, any>>'.
      Type '(req: Request<ParamsDictionary, any, any, ParsedQs, Record<string, any>>, res: Response<any, Record<string, any>>, next: NextFunction) => Promise<...>' is missing the following properties from type 'Application<Record<string, any>>': init, defaultConfiguration, engine, set, and 63 more.
info Visit https://yarnpkg.com/en/docs/cli/run for documentation about this command.
error Command failed with exit code 2.
